[0.009s][info][gc] Using Serial
[0.011s][info][gc,init] Version: 15.0.2+7-27 (release)
[0.011s][info][gc,init] CPUs: 8 total, 8 available
[0.011s][info][gc,init] Memory: 8042M
[0.011s][info][gc,init] Large Page Support: Disabled
[0.011s][info][gc,init] NUMA Support: Disabled
[0.011s][info][gc,init] Compressed Oops: Enabled (32-bit)
[0.011s][info][gc,init] Heap Min Capacity: 1G
[0.011s][info][gc,init] Heap Initial Capacity: 1G
[0.011s][info][gc,init] Heap Max Capacity: 1G
[0.011s][info][gc,init] Pre-touch: Disabled
[0.013s][info][gc,metaspace] CDS archive(s) mapped at: [0x0000000800000000-0x0000000800b50000-0x0000000800b50000), size 11862016, SharedBaseAddress: 0x0000000800000000, ArchiveRelocationMode: 0.
[0.013s][info][gc,metaspace] Compressed class space mapped at: 0x0000000800b50000-0x0000000840b50000, size: 1073741824
[0.013s][info][gc,metaspace] Narrow klass base: 0x0000000800000000, Narrow klass shift: 3, Narrow klass range: 0x100000000
[0.078s][info][gc,start    ] GC(0) Pause Young (Allocation Failure)
[0.080s][info][gc          ] GC(0) Pause Young (Allocation Failure) 16M->0M(989M) 1.923ms
[0.080s][info][gc,cpu      ] GC(0) User=0.00s Sys=0.00s Real=0.00s
[0.080s][info][gc,start    ] GC(1) Pause Full (Allocation Failure)
[0.080s][info][gc,phases,start] GC(1) Phase 1: Mark live objects
[0.081s][info][gc,phases      ] GC(1) Phase 1: Mark live objects 0.898ms
[0.081s][info][gc,phases,start] GC(1) Phase 2: Compute new object addresses
[0.081s][info][gc,phases      ] GC(1) Phase 2: Compute new object addresses 0.220ms
[0.081s][info][gc,phases,start] GC(1) Phase 3: Adjust pointers
[0.082s][info][gc,phases      ] GC(1) Phase 3: Adjust pointers 0.455ms
[0.082s][info][gc,phases,start] GC(1) Phase 4: Move objects
[0.082s][info][gc,phases      ] GC(1) Phase 4: Move objects 0.345ms
[0.082s][info][gc,heap        ] GC(1) DefNew: 16777K(314560K)->0K(314560K) Eden: 16777K(279616K)->0K(279616K) From: 0K(34944K)->0K(34944K)
[0.082s][info][gc,heap        ] GC(1) Tenured: 0K(699072K)->761K(699072K)
[0.082s][info][gc,metaspace   ] GC(1) Metaspace: 539K(4864K)->539K(4864K) NonClass: 493K(4352K)->493K(4352K) Class: 45K(512K)->45K(512K)
[0.082s][info][gc             ] GC(1) Pause Full (Allocation Failure) 0M->0M(989M) 2.052ms
[0.082s][info][gc,cpu         ] GC(1) User=0.00s Sys=0.00s Real=0.00s
[0.082s][info][gc,start       ] GC(2) Pause Full (Allocation Failure)
[0.082s][info][gc,phases,start] GC(2) Phase 1: Mark live objects
[0.083s][info][gc,phases      ] GC(2) Phase 1: Mark live objects 0.597ms
[0.083s][info][gc,phases,start] GC(2) Phase 2: Compute new object addresses
[0.083s][info][gc,phases      ] GC(2) Phase 2: Compute new object addresses 0.154ms
[0.083s][info][gc,phases,start] GC(2) Phase 3: Adjust pointers
[0.083s][info][gc,phases      ] GC(2) Phase 3: Adjust pointers 0.405ms
[0.083s][info][gc,phases,start] GC(2) Phase 4: Move objects
[0.084s][info][gc,phases      ] GC(2) Phase 4: Move objects 0.112ms
[0.084s][info][gc,heap        ] GC(2) DefNew: 0K(314560K)->0K(314560K) Eden: 0K(279616K)->0K(279616K) From: 0K(34944K)->0K(34944K)
[0.084s][info][gc,heap        ] GC(2) Tenured: 761K(699072K)->752K(699072K)
[0.084s][info][gc,metaspace   ] GC(2) Metaspace: 539K(4864K)->539K(4864K) NonClass: 493K(4352K)->493K(4352K) Class: 45K(512K)->45K(512K)
[0.084s][info][gc             ] GC(2) Pause Full (Allocation Failure) 0M->0M(989M) 1.338ms
[0.084s][info][gc,cpu         ] GC(2) User=0.00s Sys=0.00s Real=0.00s
Exception in thread "main" java.lang.OutOfMemoryError: Java heap space
	at garbagecollector.Main.main(Main.java:6)
[0.084s][info][gc,heap,exit   ] Heap
[0.084s][info][gc,heap,exit   ]  def new generation   total 314560K, used 13981K [0x00000000c0000000, 0x00000000d5550000, 0x00000000d5550000)
[0.084s][info][gc,heap,exit   ]   eden space 279616K,   5% used [0x00000000c0000000, 0x00000000c0da74c0, 0x00000000d1110000)
[0.084s][info][gc,heap,exit   ]   from space 34944K,   0% used [0x00000000d3330000, 0x00000000d3330000, 0x00000000d5550000)
[0.084s][info][gc,heap,exit   ]   to   space 34944K,   0% used [0x00000000d1110000, 0x00000000d1110000, 0x00000000d3330000)
[0.084s][info][gc,heap,exit   ]  tenured generation   total 699072K, used 752K [0x00000000d5550000, 0x0000000100000000, 0x0000000100000000)
[0.084s][info][gc,heap,exit   ]    the space 699072K,   0% used [0x00000000d5550000, 0x00000000d560c328, 0x00000000d560c400, 0x0000000100000000)
[0.084s][info][gc,heap,exit   ]  Metaspace       used 552K, capacity 4499K, committed 4864K, reserved 1056768K
[0.084s][info][gc,heap,exit   ]   class space    used 47K, capacity 389K, committed 512K, reserved 1048576K
